_:genid1 <http://www.redland.opensource.ac.uk/raptor/tests/test-00.ntp#x> <http://www.redland.opensource.ac.uk/raptor/tests/test-00.ntp#y> .
