<http://example.org/base2#a> <http://www.w3.org/1999/02/22-rdf-syntax-ns#type> <http://example.org/base1#b> .
