<http://rdfa.info/test-suite/test-cases/xhtml1/rdfa1.0/0197.xml> <http://rdfa.info/test-suite/test-cases/xhtml1/rdfa1.0/LICENSE> <http://example.org/test.css> .
