_:a <http://xmlns.com/foaf/0.1/mbox> <mailto:manu.sporny@digitalbazaar.com> .
_:b <http://xmlns.com/foaf/0.1/mbox> <mailto:gregg@kellogg-assoc.com> .
_:a <http://xmlns.com/foaf/0.1/knows> _:b .
_:b <http://xmlns.com/foaf/0.1/knows> _:a .
