<http://www.w3.org/2006/07/SWD/RDFa/testsuite/xhtml1-testcases/0189.xml> <http://www.w3.org/ns/rdfa#usesVocabulary> <http://www.example.org/vocab#> .
<http://www.example.org/software> <http://www.example.org/vocab#license> <http://www.w3.org/Consortium/Legal/2002/copyright-software-20021231> .
