_:s <http://www.w3.org/2007/05/powder-s#describedby> <http://example.org/describedby> .
_:s <http://www.w3.org/1999/xhtml/vocab#license> <http://example.org/license> .
_:s <http://www.w3.org/1999/xhtml/vocab#role> <http://example.org/role> .
