<http://www.w3.org/2006/07/SWD/RDFa/testsuite/xhtml1-testcases/0258.xml> <http://www.w3.org/ns/earl#testcase> _:test .
