_:s <http://www.w3.org/2003/g/data-view#> "GRDDL" .
_:s <http://www.w3.org/ns/ma-ont#> "MA" .
_:s <http://www.w3.org/2002/07/owl#> "OWL" .
_:s <http://www.w3.org/1999/02/22-rdf-syntax-ns#> "RDF" .
_:s <http://www.w3.org/ns/rdfa#> "RDFa" .
_:s <http://www.w3.org/2000/01/rdf-schema#> "RDFS" .
_:s <http://www.w3.org/2007/rif#> "RIF" .
_:s <http://www.w3.org/2004/02/skos/core#> "SKOS" .
_:s <http://www.w3.org/2008/05/skos-xl#> "SKOS-XL" .
_:s <http://www.w3.org/2007/05/powder#> "WDR" .
_:s <http://rdfs.org/ns/void#> "VOID" .
_:s <http://www.w3.org/2007/05/powder-s#> "WDRS" .
_:s <http://www.w3.org/1999/xhtml/vocab#> "XHV" .
_:s <http://www.w3.org/XML/1998/namespace> "XML" .
_:s <http://www.w3.org/2001/XMLSchema#> "XSD" .
_:s <http://creativecommons.org/ns#> "CC" .
_:s <http://commontag.org/ns#> "CTAG" .
_:s <http://purl.org/dc/terms/> "DC" .
_:s <http://purl.org/dc/terms/> "DCTERMS" .
_:s <http://xmlns.com/foaf/0.1/> "FOAF" .
_:s <http://purl.org/goodrelations/v1#> "GR" .
_:s <http://www.w3.org/2002/12/cal/icaltzd#> "ICAL" .
_:s <http://ogp.me/ns#> "OG" .
_:s <http://purl.org/stuff/rev#> "REV" .
_:s <http://rdfs.org/sioc/ns#> "SIOC" .
_:s <http://rdf.data-vocabulary.org/#> "V" .
_:s <http://www.w3.org/2006/vcard/ns#> "VCARD" .
_:s <http://schema.org/> "Schema" .
_:s <http://www.w3.org/2007/05/powder-s#describedby> "DescribedBy" .
_:s <http://www.w3.org/1999/xhtml/vocab#license> "License" .
_:s <http://www.w3.org/1999/xhtml/vocab#role> "Role" .
