_:bnodeid1 <http://www.w3.org/1999/xhtml/vocab#alternate> "alternate" .
_:bnodeid1 <http://www.w3.org/1999/xhtml/vocab#appendix> "appendix" .
_:bnodeid1 <http://www.w3.org/1999/xhtml/vocab#cite> "cite" .
_:bnodeid1 <http://www.w3.org/1999/xhtml/vocab#bookmark> "bookmark" .
_:bnodeid1 <http://www.w3.org/1999/xhtml/vocab#contents> "contents" .
_:bnodeid1 <http://www.w3.org/1999/xhtml/vocab#chapter> "chapter" .
_:bnodeid1 <http://www.w3.org/1999/xhtml/vocab#copyright> "copyright" .
_:bnodeid1 <http://www.w3.org/1999/xhtml/vocab#first> "first" .
_:bnodeid1 <http://www.w3.org/1999/xhtml/vocab#glossary> "glossary" .
_:bnodeid1 <http://www.w3.org/1999/xhtml/vocab#help> "help" .
_:bnodeid1 <http://www.w3.org/1999/xhtml/vocab#icon> "icon" .
_:bnodeid1 <http://www.w3.org/1999/xhtml/vocab#index> "index" .
_:bnodeid1 <http://www.w3.org/1999/xhtml/vocab#last> "last" .
_:bnodeid1 <http://www.w3.org/1999/xhtml/vocab#license> "license" .
_:bnodeid1 <http://www.w3.org/1999/xhtml/vocab#meta> "meta" .
_:bnodeid1 <http://www.w3.org/1999/xhtml/vocab#next> "next" .
_:bnodeid1 <http://www.w3.org/1999/xhtml/vocab#prev> "prev" .
_:bnodeid1 <http://www.w3.org/1999/xhtml/vocab#previous> "previous" .
_:bnodeid1 <http://www.w3.org/1999/xhtml/vocab#section> "section" .
_:bnodeid1 <http://www.w3.org/1999/xhtml/vocab#start> "start" .
_:bnodeid1 <http://www.w3.org/1999/xhtml/vocab#stylesheet> "stylesheet" .
_:bnodeid1 <http://www.w3.org/1999/xhtml/vocab#subsection> "subsection" .
_:bnodeid1 <http://www.w3.org/1999/xhtml/vocab#top> "top" .
_:bnodeid1 <http://www.w3.org/1999/xhtml/vocab#up> "up" .
_:bnodeid1 <http://www.w3.org/1999/xhtml/vocab#p3pv1> "p3pv1" .
