<http://example.com/gregg/#me> <http://www.w3.org/1999/02/22-rdf-syntax-ns#type> <http://xmlns.com/foaf/0.1/Person> .
<http://example.com/gregg/#me> <http://xmlns.com/foaf/0.1/name> "Gregg" .
<http://example.com/gregg/#me> <http://xmlns.com/foaf/0.1/knows> <http://example.com/niklas/#me> .
<http://example.com/gregg/#me> <http://xmlns.com/foaf/0.1/knows> <http://example.com/st\u00E9phane/#me> .
<http://example.com/gregg/#me> <http://xmlns.com/foaf/0.1/knows> <http://example.com/ivan/#me> .
<http://example.com/gregg/#me> <http://xmlns.com/foaf/0.1/knows> <http://example.com/manu/#me> .
<http://example.com/niklas/#me> <http://www.w3.org/1999/02/22-rdf-syntax-ns#type> <http://xmlns.com/foaf/0.1/Person> .
<http://example.com/niklas/#me> <http://xmlns.com/foaf/0.1/name> "Niklas" .
<http://example.com/st\u00E9phane/#me> <http://www.w3.org/1999/02/22-rdf-syntax-ns#type> <http://xmlns.com/foaf/0.1/Person> .
<http://example.com/st\u00E9phane/#me> <http://xmlns.com/foaf/0.1/name> "St\u00E9phane" .
<http://example.com/ivan/#me> <http://www.w3.org/1999/02/22-rdf-syntax-ns#type> <http://xmlns.com/foaf/0.1/Person> .
<http://example.com/ivan/#me> <http://xmlns.com/foaf/0.1/name> "Ivan" .
<http://example.com/manu/#me> <http://www.w3.org/1999/02/22-rdf-syntax-ns#type> <http://xmlns.com/foaf/0.1/Person> .
<http://example.com/manu/#me> <http://xmlns.com/foaf/0.1/name> "Manu" .
