<http://rdfa.info/test-suite/test-cases/xhtml1/rdfa1.0/0301.xml> <http://www.milowski.com/V/bit> _:bnodeid1 .
_:bnodeid1 <http://www.w3.org/1999/02/22-rdf-syntax-ns#type> <http://www.milowski.com/V/thing> .
_:bnodeid1 <http://www.milowski.com/V/name> "Fizzbit" .
