<http://openspring.net/scor#me> <http://www.w3.org/1999/02/22-rdf-syntax-ns#type> <http://schema.org/Person> .
<http://openspring.net/scor#me> <http://www.w3.org/1999/02/22-rdf-syntax-ns#type> <http://xmlns.com/foaf/0.1/Person> .
<http://openspring.net/scor#me> <http://www.w3.org/1999/02/22-rdf-syntax-ns#type> <http://purl.org/dc/terms/Agent> .
<http://openspring.net/scor#me> <http://schema.org/name> "St\u00E9phane Corlosquet" .
<http://openspring.net/scor#me> <http://schema.org/homepage> <http://openspring.net/> .
