_:genid1 <http://www.w3.org/1999/02/22-rdf-syntax-ns#type> <http://www.w3.org/1999/02/22-rdf-syntax-ns#Seq> .
_:genid1 <http://www.w3.org/1999/02/22-rdf-syntax-ns#_1> xml"some literal text" .
<http://example.com/somewhere/> <http://example.com/properties/foo> _:genid1 .
