<http://www.redland.opensource.ac.uk/raptor/tests/ex-12.rdf#genid1> <http://www.w3.org/1999/02/22-rdf-syntax-ns#type> <http://www.daml.org/2001/03/daml+oil#List> .
<http://www.redland.opensource.ac.uk/raptor/tests/ex-12.rdf#genid1> <http://www.daml.org/2001/03/daml+oil#first> <http://example.org/resource1> .
<http://www.redland.opensource.ac.uk/raptor/tests/ex-12.rdf#genid2> <http://www.w3.org/1999/02/22-rdf-syntax-ns#type> <http://www.daml.org/2001/03/daml+oil#List> .
<http://www.redland.opensource.ac.uk/raptor/tests/ex-12.rdf#genid2> <http://www.daml.org/2001/03/daml+oil#first> <http://example.org/resource2> .
<http://www.redland.opensource.ac.uk/raptor/tests/ex-12.rdf#genid1> <http://www.daml.org/2001/03/daml+oil#rest> <http://www.redland.opensource.ac.uk/raptor/tests/ex-12.rdf#genid2> .
<http://www.redland.opensource.ac.uk/raptor/tests/ex-12.rdf#genid3> <http://www.w3.org/1999/02/22-rdf-syntax-ns#type> <http://www.daml.org/2001/03/daml+oil#List> .
<http://www.redland.opensource.ac.uk/raptor/tests/ex-12.rdf#genid3> <http://www.daml.org/2001/03/daml+oil#first> <http://example.org/resource3> .
<http://www.redland.opensource.ac.uk/raptor/tests/ex-12.rdf#genid2> <http://www.daml.org/2001/03/daml+oil#rest> <http://www.redland.opensource.ac.uk/raptor/tests/ex-12.rdf#genid3> .
<http://example.org/resource> <http://example.org/property> <http://www.redland.opensource.ac.uk/raptor/tests/ex-12.rdf#genid1> .
