<http://example.com/> <http://example.com/properties/property> _:genid1 .
