<http://example.org/resource> <http://example.org/property> "\n        <em>some markup</em>\n        <a href=\"http://example.org/somewhere/else\">blah</a>\n      "^^<http://www.w3.org/2000/01/rdf-schema#XMLLiteral> .
