_:genid1 <http://www.w3.org/1999/02/22-rdf-syntax-ns#type> <http://www.w3.org/1999/02/22-rdf-syntax-ns#Seq> .
<#myid> <http://example/org/foo/prop> "value" .
<#myid> <http://www.w3.org/1999/02/22-rdf-syntax-ns#type> <http://example/org/foo/thing> .
_:genid1 <http://www.w3.org/1999/02/22-rdf-syntax-ns#_1> <#myid> .
