_:j1 <http://www.w3.org/1999/02/22-rdf-syntax-ns#type> <http://www.daml.org/2001/03/daml+oil#List> .
_:j1 <http://www.daml.org/2001/03/daml+oil#first> _:j2 .
_:j1 <http://www.daml.org/2001/03/daml+oil#rest> _:j4 .
_:j2 <http://www.example.org/ns#prop2> <http://example.org/node1> .
_:j4 <http://www.w3.org/1999/02/22-rdf-syntax-ns#type> <http://www.daml.org/2001/03/daml+oil#List> .
_:j4 <http://www.daml.org/2001/03/daml+oil#first> _:j5 .
_:j4 <http://www.daml.org/2001/03/daml+oil#rest> <http://www.daml.org/2001/03/daml+oil#nil> .
_:j5 <http://www.example.org/ns#prop3> <http://example.org/node2> .
<http://example.org/node0> <http://www.example.org/ns#prop1> _:j1 .
