<http://example.org/node> <http://example.org/ns#prop1> "val"^^<http://www.w3.org/1999/02/22-rdf-syntax-ns#XMLLiteral> .
