<http://example.org/node1> <http://www.example.org/ns#prop> "value" .
