<http://example.org/node> <http://example.org/ns#prop1> <http://example.org/node2> .
