_:genid1 <http://example.org/ns#prop2> "val2" .
<http://example.org/node> <http://example.org/ns#prop1> _:genid1 .
