_:genid1 <http://www.w3.org/1999/02/22-rdf-syntax-ns#type> <http://www.w3.org/1999/02/22-rdf-syntax-ns#List> .
_:genid1 <http://www.w3.org/1999/02/22-rdf-syntax-ns#first> <http://example.org/node2/> .
_:genid1 <http://www.w3.org/1999/02/22-rdf-syntax-ns#rest> <http://www.w3.org/1999/02/22-rdf-syntax-ns#nil> .
<http://example.org/node> <http://example.org/ns#prop1> _:genid1 .
