_:genid1 <http://www.redland.opensource.ac.uk/raptor/tests/turtle/test-00.ttl#x> <http://www.redland.opensource.ac.uk/raptor/tests/turtle/test-00.ttl#y> .
