<http://example.org/foo>
    <http://example.org/bar> 2.345, 1.0, 1.0, 1.0, 1.0, 2.3, 2.234000005, 2.2340000005, 2.234 .
