<http://www.w3.org/2006/07/SWD/RDFa/testsuite/xhtml1-testcases/0042.xhtml> <http://xmlns.com/foaf/0.1/img> <http://sw-app.org/img/mic_2007_01.jpg> .
