<http://www.example.org> <http://example.org/rdf/example> "Du texte ici en <strong xml:lang=\"fr\" xmlns=\"http://www.w3.org/1999/xhtml\" xmlns:svg=\"http://www.w3.org/2000/svg\">gras</strong> et un rectangle en svg: <svg:svg xml:lang=\"hu\" xmlns=\"http://www.w3.org/1999/xhtml\" xmlns:svg=\"http://www.w3.org/2000/svg\"><svg:rect svg:height=\"100\" svg:width=\"200\"/></svg:svg>"^^<http://www.w3.org/1999/02/22-rdf-syntax-ns#XMLLiteral> . 
