<http://www.example.org> <http://example.org/rdf/example> "Some text here in <strong xmlns=\"http://www.w3.org/1999/xhtml\">bold</strong> and an svg rectangle: <svg xmlns=\"http://www.w3.org/2000/svg\"><rect height=\"100\" width=\"200\"/></svg>"^^<http://www.w3.org/1999/02/22-rdf-syntax-ns#XMLLiteral> . 
